<html>
<body>
<pre>
<h1>µVision Build Log</h1>
<h2>Tool Versions:</h2>
IDE-Version: ¦ÌVision V5.42.0.0
Copyright (C) 2025 ARM Ltd and ARM Germany GmbH. All rights reserved.
License Information: 1 yym, 1, LIC=D0D7S-LRMD1-RABDM-XYK9F-ITF5K-MV3BD
 
Tool Versions:
Toolchain:       MDK-ARM Plus  Version: 5.42.0.0
Toolchain Path:  D:\keilmdk\core\ARM\ARMV5\Bin
C Compiler:      Armcc.exe V5.06 update 7 (build 960)
Assembler:       Armasm.exe V5.06 update 7 (build 960)
Linker/Locator:  ArmLink.exe V5.06 update 7 (build 960)
Library Manager: ArmAr.exe V5.06 update 7 (build 960)
Hex Converter:   FromElf.exe V5.06 update 7 (build 960)
CPU DLL:         SARMCM3.DLL V5.42.0.0
Dialog DLL:      DCM.DLL V1.17.5.0
Target DLL:      CMSIS_AGDI.dll V1.33.22.0
Dialog DLL:      TCM.DLL V1.56.6.0
 
<h2>Project:</h2>
D:\STM32\pid_study\pidstudy\MDK-ARM\pidstudy.uvprojx
Project File Date:  07/03/2025

<h2>Output:</h2>
*** Using Compiler 'V5.06 update 7 (build 960)', folder: 'D:\keilmdk\core\ARM\ARMV5\Bin'
Build target 'pidstudy'
Note: source file '..\bsp\TIM.c' - object file renamed from 'pidstudy\TIM.o' to 'pidstudy\tim_1.o'.
compiling TIM.c...
..\bsp\tim.h(6): warning:  #1-D: last line of file ends without a newline
  #endif
..\bsp\LED.h(3): warning:  #1295-D: Deprecated declaration LED_ON - give arg types
  void LED_ON();
..\bsp\LED.h(4): warning:  #1295-D: Deprecated declaration LED_OFF - give arg types
  void LED_OFF();
..\bsp\LED.h(5): warning:  #1-D: last line of file ends without a newline
  #endif
..\bsp\Huidu.h(4): warning:  #1-D: last line of file ends without a newline
  #endif
..\bsp\TIM.c(72): warning:  #1-D: last line of file ends without a newline
  }
..\bsp\TIM.c: 6 warnings, 0 errors
linking...
Program Size: Code=18438 RO-data=3358 RW-data=120 ZI-data=3352  
FromELF: creating hex file...
"pidstudy\pidstudy.axf" - 0 Error(s), 6 Warning(s).

<h2>Software Packages used:</h2>

Package Vendor: ARM
                https://www.keil.com/pack/ARM.CMSIS.6.1.0.pack
                ARM::CMSIS@6.1.0
                CMSIS (Common Microcontroller Software Interface Standard)
   * Component: CORE Version: 6.1.0

Package Vendor: Keil
                https://www.keil.com/pack/Keil.STM32F4xx_DFP.3.0.0.pack
                Keil::STM32F4xx_DFP@3.0.0
                STMicroelectronics STM32F4 Series Device Support

<h2>Collection of Component include folders:</h2>
  ./RTE/_pidstudy
  D:/keilmdk/ARM/CMSIS/6.1.0/CMSIS/Core/Include

<h2>Collection of Component Files used:</h2>

   * Component: ARM::CMSIS:CORE@6.1.0
      Include file:  CMSIS/Core/Include/tz_context.h
Build Time Elapsed:  00:00:02
</pre>
</body>
</html>
